WARNING: Running pip as the 'root' user can result in broken permissions and conflicting behaviour with the system package manager, possibly rendering your system unusable. It is recommended to use a virtual environment instead: https://pip.pypa.io/warnings/venv. Use the --root-user-action option if you know what you are doing and want to suppress this warning.

[notice] A new release of pip is available: 25.0.1 -> 26.2.1
[notice] To update, run: pip install --upgrade pip
<stdin>:19: DeprecationWarning: datetime.datetime.utcnow() is deprecated and scheduled for removal in a future version. Use timezone-aware objects to represent datetimes in UTC: datetime.datetime.now(datetime.UTC).
[  0.037s] OK     2026-08-26T13:46:41.320660 primary=mongo1:27017
[  1.043s] OK     2026-08-26T13:46:42.358100 primary=mongo1:27017
<stdin>:31: DeprecationWarning: datetime.datetime.utcnow() is deprecated and scheduled for removal in a future version. Use timezone-aware objects to represent datetimes in UTC: datetime.datetime.now(datetime.UTC).
[  7.535s] FAIL   2026-08-26T13:46:48.856095 ServerSelectionTimeoutError
[ 11.614s] OK     2026-08-26T13:46:49.856346 primary=mongo3:27017
[ 12.626s] OK     2026-08-26T13:46:53.934863 primary=mongo3:27017
[ 13.638s] OK     2026-08-26T13:46:54.946913 primary=mongo3:27017
[ 14.646s] OK     2026-08-26T13:46:55.959267 primary=mongo3:27017
[ 15.657s] OK     2026-08-26T13:46:56.966511 primary=mongo3:27017
[ 16.668s] OK     2026-08-26T13:46:57.977726 primary=mongo3:27017
[ 17.680s] OK     2026-08-26T13:46:58.988848 primary=mongo3:27017
[ 18.686s] OK     2026-08-26T13:47:00.001068 primary=mongo3:27017
[ 19.700s] OK     2026-08-26T13:47:01.006712 primary=mongo3:27017
[ 20.706s] OK     2026-08-26T13:47:02.020871 primary=mongo3:27017
[ 21.717s] OK     2026-08-26T13:47:03.026323 primary=mongo3:27017
[ 22.729s] OK     2026-08-26T13:47:04.037953 primary=mongo3:27017
[ 23.737s] OK     2026-08-26T13:47:05.050386 primary=mongo3:27017
[ 24.744s] OK     2026-08-26T13:47:06.057638 primary=mongo3:27017
[ 25.792s] OK     2026-08-26T13:47:07.100910 primary=mongo3:27017
[ 26.804s] OK     2026-08-26T13:47:08.113235 primary=mongo3:27017
[ 27.810s] OK     2026-08-26T13:47:09.124890 primary=mongo3:27017
[ 28.823s] OK     2026-08-26T13:47:10.130774 primary=mongo3:27017
[ 29.836s] OK     2026-08-26T13:47:11.143920 primary=mongo3:27017
[ 30.846s] OK     2026-08-26T13:47:12.156615 primary=mongo3:27017
[ 31.858s] OK     2026-08-26T13:47:13.167084 primary=mongo3:27017
[ 32.870s] OK     2026-08-26T13:47:14.178576 primary=mongo3:27017
[ 33.882s] OK     2026-08-26T13:47:15.190844 primary=mongo3:27017
[ 34.893s] OK     2026-08-26T13:47:16.202656 primary=mongo3:27017
[ 35.910s] OK     2026-08-26T13:47:17.213766 primary=mongo3:27017
[ 36.917s] OK     2026-08-26T13:47:18.230933 primary=mongo3:27017
[ 37.929s] OK     2026-08-26T13:47:19.237881 primary=mongo3:27017
[ 38.942s] OK     2026-08-26T13:47:20.249561 primary=mongo3:27017
[ 39.953s] OK     2026-08-26T13:47:21.262269 primary=mongo3:27017
[ 40.960s] OK     2026-08-26T13:47:22.274052 primary=mongo3:27017
[ 41.972s] OK     2026-08-26T13:47:23.280970 primary=mongo3:27017
[ 42.985s] OK     2026-08-26T13:47:24.292463 primary=mongo3:27017
[ 43.992s] OK     2026-08-26T13:47:25.305516 primary=mongo3:27017
[ 45.004s] OK     2026-08-26T13:47:26.312544 primary=mongo3:27017
[ 46.009s] OK     2026-08-26T13:47:27.324886 primary=mongo3:27017
[ 47.023s] OK     2026-08-26T13:47:28.329459 primary=mongo3:27017
[ 48.034s] OK     2026-08-26T13:47:29.343642 primary=mongo3:27017
[ 49.047s] OK     2026-08-26T13:47:30.354744 primary=mongo3:27017
[ 50.059s] OK     2026-08-26T13:47:31.367606 primary=mongo3:27017
[ 51.065s] OK     2026-08-26T13:47:32.379795 primary=mongo3:27017
[ 52.077s] OK     2026-08-26T13:47:33.385597 primary=mongo3:27017
[ 53.091s] OK     2026-08-26T13:47:34.397509 primary=mongo3:27017
[ 54.096s] OK     2026-08-26T13:47:35.411525 primary=mongo3:27017
[ 55.108s] OK     2026-08-26T13:47:36.416880 primary=mongo3:27017
[ 56.147s] OK     2026-08-26T13:47:37.462044 primary=mongo3:27017
[ 57.166s] OK     2026-08-26T13:47:38.467580 primary=mongo3:27017
[ 58.179s] OK     2026-08-26T13:47:39.486579 primary=mongo3:27017

--- FINAL STATS ---
Elapsed: 59.180s
Successful: 49
Failed: 1
Real count: 49
Discrepancy: 0
